Archive member included to satisfy reference by file (symbol)

c:/st/stm32cubeide_1.4.0/stm32cubeide/plugins/com.st.stm32cube.ide.mcu.externaltools.gnu-tools-for-stm32.7-2018-q2-update.win32_1.4.0.202007081208/tools/bin/../lib/gcc/arm-none-eabi/7.3.1/../../../../arm-none-eabi/lib/thumb/v7e-m/fpv4-sp/hard\libstdc++_nano.a(del_ops.o)
                              Libraries/PWMCapturer/PWMCapturer.o (operator delete(void*, unsigned int))
c:/st/stm32cubeide_1.4.0/stm32cubeide/plugins/com.st.stm32cube.ide.mcu.externaltools.gnu-tools-for-stm32.7-2018-q2-update.win32_1.4.0.202007081208/tools/bin/../lib/gcc/arm-none-eabi/7.3.1/../../../../arm-none-eabi/lib/thumb/v7e-m/fpv4-sp/hard\libstdc++_nano.a(del_op.o)
                              c:/st/stm32cubeide_1.4.0/stm32cubeide/plugins/com.st.stm32cube.ide.mcu.externaltools.gnu-tools-for-stm32.7-2018-q2-update.win32_1.4.0.202007081208/tools/bin/../lib/gcc/arm-none-eabi/7.3.1/../../../../arm-none-eabi/lib/thumb/v7e-m/fpv4-sp/hard\libstdc++_nano.a(del_ops.o) (operator delete(void*))
c:/st/stm32cubeide_1.4.0/stm32cubeide/plugins/com.st.stm32cube.ide.mcu.externaltools.gnu-tools-for-stm32.7-2018-q2-update.win32_1.4.0.202007081208/tools/bin/../lib/gcc/arm-none-eabi/7.3.1/../../../../arm-none-eabi/lib/thumb/v7e-m/fpv4-sp/hard\libc_nano.a(lib_a-errno.o)
                              Core/Src/syscalls.o (__errno)
c:/st/stm32cubeide_1.4.0/stm32cubeide/plugins/com.st.stm32cube.ide.mcu.externaltools.gnu-tools-for-stm32.7-2018-q2-update.win32_1.4.0.202007081208/tools/bin/../lib/gcc/arm-none-eabi/7.3.1/../../../../arm-none-eabi/lib/thumb/v7e-m/fpv4-sp/hard\libc_nano.a(lib_a-exit.o)
                              c:/st/stm32cubeide_1.4.0/stm32cubeide/plugins/com.st.stm32cube.ide.mcu.externaltools.gnu-tools-for-stm32.7-2018-q2-update.win32_1.4.0.202007081208/tools/bin/../lib/gcc/arm-none-eabi/7.3.1/../../../../arm-none-eabi/lib/thumb/v7e-m/fpv4-sp/hard/crt0.o (exit)
c:/st/stm32cubeide_1.4.0/stm32cubeide/plugins/com.st.stm32cube.ide.mcu.externaltools.gnu-tools-for-stm32.7-2018-q2-update.win32_1.4.0.202007081208/tools/bin/../lib/gcc/arm-none-eabi/7.3.1/../../../../arm-none-eabi/lib/thumb/v7e-m/fpv4-sp/hard\libc_nano.a(lib_a-impure.o)
                              c:/st/stm32cubeide_1.4.0/stm32cubeide/plugins/com.st.stm32cube.ide.mcu.externaltools.gnu-tools-for-stm32.7-2018-q2-update.win32_1.4.0.202007081208/tools/bin/../lib/gcc/arm-none-eabi/7.3.1/../../../../arm-none-eabi/lib/thumb/v7e-m/fpv4-sp/hard\libc_nano.a(lib_a-exit.o) (_global_impure_ptr)
c:/st/stm32cubeide_1.4.0/stm32cubeide/plugins/com.st.stm32cube.ide.mcu.externaltools.gnu-tools-for-stm32.7-2018-q2-update.win32_1.4.0.202007081208/tools/bin/../lib/gcc/arm-none-eabi/7.3.1/../../../../arm-none-eabi/lib/thumb/v7e-m/fpv4-sp/hard\libc_nano.a(lib_a-init.o)
                              c:/st/stm32cubeide_1.4.0/stm32cubeide/plugins/com.st.stm32cube.ide.mcu.externaltools.gnu-tools-for-stm32.7-2018-q2-update.win32_1.4.0.202007081208/tools/bin/../lib/gcc/arm-none-eabi/7.3.1/../../../../arm-none-eabi/lib/thumb/v7e-m/fpv4-sp/hard/crt0.o (__libc_init_array)
c:/st/stm32cubeide_1.4.0/stm32cubeide/plugins/com.st.stm32cube.ide.mcu.externaltools.gnu-tools-for-stm32.7-2018-q2-update.win32_1.4.0.202007081208/tools/bin/../lib/gcc/arm-none-eabi/7.3.1/../../../../arm-none-eabi/lib/thumb/v7e-m/fpv4-sp/hard\libc_nano.a(lib_a-malloc.o)
                              c:/st/stm32cubeide_1.4.0/stm32cubeide/plugins/com.st.stm32cube.ide.mcu.externaltools.gnu-tools-for-stm32.7-2018-q2-update.win32_1.4.0.202007081208/tools/bin/../lib/gcc/arm-none-eabi/7.3.1/../../../../arm-none-eabi/lib/thumb/v7e-m/fpv4-sp/hard\libstdc++_nano.a(del_op.o) (free)
c:/st/stm32cubeide_1.4.0/stm32cubeide/plugins/com.st.stm32cube.ide.mcu.externaltools.gnu-tools-for-stm32.7-2018-q2-update.win32_1.4.0.202007081208/tools/bin/../lib/gcc/arm-none-eabi/7.3.1/../../../../arm-none-eabi/lib/thumb/v7e-m/fpv4-sp/hard\libc_nano.a(lib_a-memset.o)
                              c:/st/stm32cubeide_1.4.0/stm32cubeide/plugins/com.st.stm32cube.ide.mcu.externaltools.gnu-tools-for-stm32.7-2018-q2-update.win32_1.4.0.202007081208/tools/bin/../lib/gcc/arm-none-eabi/7.3.1/../../../../arm-none-eabi/lib/thumb/v7e-m/fpv4-sp/hard/crt0.o (memset)
c:/st/stm32cubeide_1.4.0/stm32cubeide/plugins/com.st.stm32cube.ide.mcu.externaltools.gnu-tools-for-stm32.7-2018-q2-update.win32_1.4.0.202007081208/tools/bin/../lib/gcc/arm-none-eabi/7.3.1/../../../../arm-none-eabi/lib/thumb/v7e-m/fpv4-sp/hard\libc_nano.a(lib_a-nano-freer.o)
                              c:/st/stm32cubeide_1.4.0/stm32cubeide/plugins/com.st.stm32cube.ide.mcu.externaltools.gnu-tools-for-stm32.7-2018-q2-update.win32_1.4.0.202007081208/tools/bin/../lib/gcc/arm-none-eabi/7.3.1/../../../../arm-none-eabi/lib/thumb/v7e-m/fpv4-sp/hard\libc_nano.a(lib_a-malloc.o) (_free_r)
[...]
Memory Configuration

Name             Origin             Length             Attributes
RAM              0x0000000020000000 0x0000000000018000 xrw
RAM2             0x0000000010000000 0x0000000000008000 xrw
FLASH            0x0000000008000000 0x0000000000100000 xr
*default*        0x0000000000000000 0xffffffffffffffff

Linker script and memory map

LOAD c:/st/stm32cubeide_1.4.0/stm32cubeide/plugins/com.st.stm32cube.ide.mcu.externaltools.gnu-tools-for-stm32.7-2018-q2-update.win32_1.4.0.202007081208/tools/bin/../lib/gcc/arm-none-eabi/7.3.1/thumb/v7e-m/fpv4-sp/hard/crti.o
LOAD c:/st/stm32cubeide_1.4.0/stm32cubeide/plugins/com.st.stm32cube.ide.mcu.externaltools.gnu-tools-for-stm32.7-2018-q2-update.win32_1.4.0.202007081208/tools/bin/../lib/gcc/arm-none-eabi/7.3.1/thumb/v7e-m/fpv4-sp/hard/crtbegin.o
LOAD c:/st/stm32cubeide_1.4.0/stm32cubeide/plugins/com.st.stm32cube.ide.mcu.externaltools.gnu-tools-for-stm32.7-2018-q2-update.win32_1.4.0.202007081208/tools/bin/../lib/gcc/arm-none-eabi/7.3.1/../../../../arm-none-eabi/lib/thumb/v7e-m/fpv4-sp/hard/crt0.o
LOAD Core/Src/main.o
LOAD Core/Src/stm32l4xx_hal_msp.o
LOAD Core/Src/stm32l4xx_it.o
LOAD Core/Src/syscalls.o
LOAD Core/Src/sysmem.o
LOAD Core/Src/system_stm32l4xx.o
LOAD Core/Startup/startup_stm32l476vgtx.o
LOAD Drivers/STM32L4xx_HAL_Driver/Src/stm32l4xx_hal.o
LOAD Drivers/STM32L4xx_HAL_Driver/Src/stm32l4xx_hal_cortex.o
LOAD Drivers/STM32L4xx_HAL_Driver/Src/stm32l4xx_hal_dma.o
LOAD Drivers/STM32L4xx_HAL_Driver/Src/stm32l4xx_hal_dma_ex.o
LOAD Drivers/STM32L4xx_HAL_Driver/Src/stm32l4xx_hal_exti.o
LOAD Drivers/STM32L4xx_HAL_Driver/Src/stm32l4xx_hal_flash.o
LOAD Drivers/STM32L4xx_HAL_Driver/Src/stm32l4xx_hal_flash_ex.o
LOAD Drivers/STM32L4xx_HAL_Driver/Src/stm32l4xx_hal_flash_ramfunc.o
LOAD Drivers/STM32L4xx_HAL_Driver/Src/stm32l4xx_hal_gpio.o
LOAD Drivers/STM32L4xx_HAL_Driver/Src/stm32l4xx_hal_i2c.o
LOAD Drivers/STM32L4xx_HAL_Driver/Src/stm32l4xx_hal_i2c_ex.o
LOAD Drivers/STM32L4xx_HAL_Driver/Src/stm32l4xx_hal_pwr.o
LOAD Drivers/STM32L4xx_HAL_Driver/Src/stm32l4xx_hal_pwr_ex.o
LOAD Drivers/STM32L4xx_HAL_Driver/Src/stm32l4xx_hal_rcc.o
LOAD Drivers/STM32L4xx_HAL_Driver/Src/stm32l4xx_hal_rcc_ex.o
LOAD Drivers/STM32L4xx_HAL_Driver/Src/stm32l4xx_hal_tim.o
LOAD Drivers/STM32L4xx_HAL_Driver/Src/stm32l4xx_hal_tim_ex.o
LOAD Drivers/STM32L4xx_HAL_Driver/Src/stm32l4xx_hal_uart.o
LOAD Drivers/STM32L4xx_HAL_Driver/Src/stm32l4xx_hal_uart_ex.o
LOAD Libraries/PWMCapturer/PWMCapturer.o
LOAD Libraries/Servo/Servo.o
START GROUP
LOAD c:/st/stm32cubeide_1.4.0/stm32cubeide/plugins/com.st.stm32cube.ide.mcu.externaltools.gnu-tools-for-stm32.7-2018-q2-update.win32_1.4.0.202007081208/tools/bin/../lib/gcc/arm-none-eabi/7.3.1/../../../../arm-none-eabi/lib/thumb/v7e-m/fpv4-sp/hard\libstdc++_nano.a
LOAD c:/st/stm32cubeide_1.4.0/stm32cubeide/plugins/com.st.stm32cube.ide.mcu.externaltools.gnu-tools-for-stm32.7-2018-q2-update.win32_1.4.0.202007081208/tools/bin/../lib/gcc/arm-none-eabi/7.3.1/../../../../arm-none-eabi/lib/thumb/v7e-m/fpv4-sp/hard\libsupc++_nano.a
END GROUP
LOAD c:/st/stm32cubeide_1.4.0/stm32cubeide/plugins/com.st.stm32cube.ide.mcu.externaltools.gnu-tools-for-stm32.7-2018-q2-update.win32_1.4.0.202007081208/tools/bin/../lib/gcc/arm-none-eabi/7.3.1/../../../../arm-none-eabi/lib/thumb/v7e-m/fpv4-sp/hard\libstdc++_nano.a
LOAD c:/st/stm32cubeide_1.4.0/stm32cubeide/plugins/com.st.stm32cube.ide.mcu.externaltools.gnu-tools-for-stm32.7-2018-q2-update.win32_1.4.0.202007081208/tools/bin/../lib/gcc/arm-none-eabi/7.3.1/../../../../arm-none-eabi/lib/thumb/v7e-m/fpv4-sp/hard\libm.a
LOAD c:/st/stm32cubeide_1.4.0/stm32cubeide/plugins/com.st.stm32cube.ide.mcu.externaltools.gnu-tools-for-stm32.7-2018-q2-update.win32_1.4.0.202007081208/tools/bin/../lib/gcc/arm-none-eabi/7.3.1/../../../../arm-none-eabi/lib/thumb/v7e-m/fpv4-sp/hard\libc_nano.a
START GROUP
LOAD c:/st/stm32cubeide_1.4.0/stm32cubeide/plugins/com.st.stm32cube.ide.mcu.externaltools.gnu-tools-for-stm32.7-2018-q2-update.win32_1.4.0.202007081208/tools/bin/../lib/gcc/arm-none-eabi/7.3.1/thumb/v7e-m/fpv4-sp/hard\libgcc.a
LOAD c:/st/stm32cubeide_1.4.0/stm32cubeide/plugins/com.st.stm32cube.ide.mcu.externaltools.gnu-tools-for-stm32.7-2018-q2-update.win32_1.4.0.202007081208/tools/bin/../lib/gcc/arm-none-eabi/7.3.1/../../../../arm-none-eabi/lib/thumb/v7e-m/fpv4-sp/hard\libc_nano.a
END GROUP
START GROUP
LOAD c:/st/stm32cubeide_1.4.0/stm32cubeide/plugins/com.st.stm32cube.ide.mcu.externaltools.gnu-tools-for-stm32.7-2018-q2-update.win32_1.4.0.202007081208/tools/bin/../lib/gcc/arm-none-eabi/7.3.1/thumb/v7e-m/fpv4-sp/hard\libgcc.a
LOAD c:/st/stm32cubeide_1.4.0/stm32cubeide/plugins/com.st.stm32cube.ide.mcu.externaltools.gnu-tools-for-stm32.7-2018-q2-update.win32_1.4.0.202007081208/tools/bin/../lib/gcc/arm-none-eabi/7.3.1/../../../../arm-none-eabi/lib/thumb/v7e-m/fpv4-sp/hard\libc_nano.a
LOAD c:/st/stm32cubeide_1.4.0/stm32cubeide/plugins/com.st.stm32cube.ide.mcu.externaltools.gnu-tools-for-stm32.7-2018-q2-update.win32_1.4.0.202007081208/tools/bin/../lib/gcc/arm-none-eabi/7.3.1/../../../../arm-none-eabi/lib/thumb/v7e-m/fpv4-sp/hard\libnosys.a
END GROUP
START GROUP
LOAD c:/st/stm32cubeide_1.4.0/stm32cubeide/plugins/com.st.stm32cube.ide.mcu.externaltools.gnu-tools-for-stm32.7-2018-q2-update.win32_1.4.0.202007081208/tools/bin/../lib/gcc/arm-none-eabi/7.3.1/thumb/v7e-m/fpv4-sp/hard\libgcc.a
LOAD c:/st/stm32cubeide_1.4.0/stm32cubeide/plugins/com.st.stm32cube.ide.mcu.externaltools.gnu-tools-for-stm32.7-2018-q2-update.win32_1.4.0.202007081208/tools/bin/../lib/gcc/arm-none-eabi/7.3.1/../../../../arm-none-eabi/lib/thumb/v7e-m/fpv4-sp/hard\libc_nano.a
LOAD c:/st/stm32cubeide_1.4.0/stm32cubeide/plugins/com.st.stm32cube.ide.mcu.externaltools.gnu-tools-for-stm32.7-2018-q2-update.win32_1.4.0.202007081208/tools/bin/../lib/gcc/arm-none-eabi/7.3.1/../../../../arm-none-eabi/lib/thumb/v7e-m/fpv4-sp/hard\libnosys.a
END GROUP
LOAD c:/st/stm32cubeide_1.4.0/stm32cubeide/plugins/com.st.stm32cube.ide.mcu.externaltools.gnu-tools-for-stm32.7-2018-q2-update.win32_1.4.0.202007081208/tools/bin/../lib/gcc/arm-none-eabi/7.3.1/thumb/v7e-m/fpv4-sp/hard/crtend.o
LOAD c:/st/stm32cubeide_1.4.0/stm32cubeide/plugins/com.st.stm32cube.ide.mcu.externaltools.gnu-tools-for-stm32.7-2018-q2-update.win32_1.4.0.202007081208/tools/bin/../lib/gcc/arm-none-eabi/7.3.1/thumb/v7e-m/fpv4-sp/hard/crtn.o
                0x0000000020018000                _estack = (ORIGIN (RAM) + LENGTH (RAM))
                0x0000000000000200                _Min_Heap_Size = 0x200
                0x0000000000000400                _Min_Stack_Size = 0x400

.isr_vector     0x0000000008000000      0x188
                0x0000000008000000                . = ALIGN (0x4)
 *(.isr_vector)
 .isr_vector    0x0000000008000000      0x188 Core/Startup/startup_stm32l476vgtx.o
                0x0000000008000000                g_pfnVectors
                0x0000000008000188                . = ALIGN (0x4)

.text           0x0000000008000188     0x41e0
                0x0000000008000188                . = ALIGN (0x4)
 *(.text)
 .text          0x0000000008000188       0x40 c:/st/stm32cubeide_1.4.0/stm32cubeide/plugins/com.st.stm32cube.ide.mcu.externaltools.gnu-tools-for-stm32.7-2018-q2-update.win32_1.4.0.202007081208/tools/bin/../lib/gcc/arm-none-eabi/7.3.1/thumb/v7e-m/fpv4-sp/hard/crtbegin.o
 .text          0x00000000080001c8       0x30 c:/st/stm32cubeide_1.4.0/stm32cubeide/plugins/com.st.stm32cube.ide.mcu.externaltools.gnu-tools-for-stm32.7-2018-q2-update.win32_1.4.0.202007081208/tools/bin/../lib/gcc/arm-none-eabi/7.3.1/thumb/v7e-m/fpv4-sp/hard\libgcc.a(_aeabi_uldivmod.o)
                0x00000000080001c8                __aeabi_uldivmod
 .text          0x00000000080001f8      0x2cc c:/st/stm32cubeide_1.4.0/stm32cubeide/plugins/com.st.stm32cube.ide.mcu.externaltools.gnu-tools-for-stm32.7-2018-q2-update.win32_1.4.0.202007081208/tools/bin/../lib/gcc/arm-none-eabi/7.3.1/thumb/v7e-m/fpv4-sp/hard\libgcc.a(_udivmoddi4.o)
                0x00000000080001f8                __udivmoddi4
 .text          0x00000000080004c4        0x4 c:/st/stm32cubeide_1.4.0/stm32cubeide/plugins/com.st.stm32cube.ide.mcu.externaltools.gnu-tools-for-stm32.7-2018-q2-update.win32_1.4.0.202007081208/tools/bin/../lib/gcc/arm-none-eabi/7.3.1/thumb/v7e-m/fpv4-sp/hard\libgcc.a(_dvmd_tls.o)
                0x00000000080004c4                __aeabi_idiv0
                0x00000000080004c4                __aeabi_ldiv0
 *(.text*)
 .text.main     0x00000000080004c8       0xe0 Core/Src/main.o
                0x00000000080004c8                main
 .text._Z18SystemClock_Configv
                0x00000000080005a8       0xf2 Core/Src/main.o
                0x00000000080005a8                SystemClock_Config()
 *fill*         0x000000000800069a        0x2 
 .text._ZL12MX_TIM2_Initv
                0x000000000800069c      0x12c Core/Src/main.o
 .text._ZL19MX_USART2_UART_Initv
                0x00000000080007c8       0x68 Core/Src/main.o
 .text._ZL12MX_GPIO_Initv
                0x0000000008000830       0x48 Core/Src/main.o
 .text.Error_Handler
                0x0000000008000878        0xe Core/Src/main.o
                0x0000000008000878                Error_Handler
 *fill*         0x0000000008000886        0x2 
 .text.HAL_MspInit
                0x0000000008000888       0x48 Core/Src/stm32l4xx_hal_msp.o
                0x0000000008000888                HAL_MspInit
 .text.HAL_TIM_PWM_MspInit
                0x00000000080008d0       0x80 Core/Src/stm32l4xx_hal_msp.o
                0x00000000080008d0                HAL_TIM_PWM_MspInit
 .text.HAL_TIM_MspPostInit
                0x0000000008000950       0x68 Core/Src/stm32l4xx_hal_msp.o
                0x0000000008000950                HAL_TIM_MspPostInit
 .text.HAL_UART_MspInit
                0x00000000080009b8       0x88 Core/Src/stm32l4xx_hal_msp.o
                0x00000000080009b8                HAL_UART_MspInit
 .text.NMI_Handler
                0x0000000008000a40        0xe Core/Src/stm32l4xx_it.o
                0x0000000008000a40                NMI_Handler
 .text.HardFault_Handler
                0x0000000008000a4e        0x6 Core/Src/stm32l4xx_it.o
                0x0000000008000a4e                HardFault_Handler
 .text.MemManage_Handler
                0x0000000008000a54        0x6 Core/Src/stm32l4xx_it.o
                0x0000000008000a54                MemManage_Handler
 .text.BusFault_Handler
                0x0000000008000a5a        0x6 Core/Src/stm32l4xx_it.o
                0x0000000008000a5a                BusFault_Handler
 .text.UsageFault_Handler
                0x0000000008000a60        0x6 Core/Src/stm32l4xx_it.o
                0x0000000008000a60                UsageFault_Handler
 .text.SVC_Handler
                0x0000000008000a66        0xe Core/Src/stm32l4xx_it.o
                0x0000000008000a66                SVC_Handler
 .text.DebugMon_Handler
                0x0000000008000a74        0xe Core/Src/stm32l4xx_it.o
                0x0000000008000a74                DebugMon_Handler
 .text.PendSV_Handler
                0x0000000008000a82        0xe Core/Src/stm32l4xx_it.o
                0x0000000008000a82                PendSV_Handler
 .text.SysTick_Handler
                0x0000000008000a90        0xc Core/Src/stm32l4xx_it.o
                0x0000000008000a90                SysTick_Handler
 .text.SystemInit
                0x0000000008000a9c       0x6c Core/Src/system_stm32l4xx.o
                0x0000000008000a9c                SystemInit
 .text.Reset_Handler
                0x0000000008000b08       0x50 Core/Startup/startup_stm32l476vgtx.o
                0x0000000008000b08                Reset_Handler
 .text.Default_Handler
                0x0000000008000b58        0x2 Core/Startup/startup_stm32l476vgtx.o
                0x0000000008000b58                RTC_Alarm_IRQHandler
                0x0000000008000b58                EXTI2_IRQHandler
                0x0000000008000b58                TIM8_TRG_COM_IRQHandler
                0x0000000008000b58                TIM8_CC_IRQHandler
                0x0000000008000b58                TIM1_CC_IRQHandler
                0x0000000008000b58                TSC_IRQHandler
                0x0000000008000b58                TAMP_STAMP_IRQHandler
                0x0000000008000b58                EXTI3_IRQHandler
                0x0000000008000b58                LPTIM2_IRQHandler
                0x0000000008000b58                DFSDM1_FLT1_IRQHandler
                0x0000000008000b58                I2C3_ER_IRQHandler
                0x0000000008000b58                DFSDM1_FLT2_IRQHandler
                0x0000000008000b58                EXTI0_IRQHandler
                0x0000000008000b58                I2C2_EV_IRQHandler
                0x0000000008000b58                CAN1_RX0_IRQHandler
                0x0000000008000b58                FPU_IRQHandler
                0x0000000008000b58                TIM1_UP_TIM16_IRQHandler
                0x0000000008000b58                ADC1_2_IRQHandler
                0x0000000008000b58                SPI1_IRQHandler
                0x0000000008000b58                TIM6_DAC_IRQHandler
                0x0000000008000b58                TIM8_UP_IRQHandler
                0x0000000008000b58                DMA2_Channel2_IRQHandler
                0x0000000008000b58                DMA1_Channel4_IRQHandler
                0x0000000008000b58                SAI2_IRQHandler
                0x0000000008000b58                DFSDM1_FLT3_IRQHandler
                0x0000000008000b58                USART3_IRQHandler
                0x0000000008000b58                DMA1_Channel7_IRQHandler
                0x0000000008000b58                CAN1_RX1_IRQHandler
                0x0000000008000b58                LCD_IRQHandler
                0x0000000008000b58                UART5_IRQHandler
                0x0000000008000b58                ADC3_IRQHandler
                0x0000000008000b58                TIM4_IRQHandler
                0x0000000008000b58                DMA2_Channel1_IRQHandler
                0x0000000008000b58                QUADSPI_IRQHandler
                0x0000000008000b58                I2C1_EV_IRQHandler
                0x0000000008000b58                DMA1_Channel6_IRQHandler
                0x0000000008000b58                UART4_IRQHandler
                0x0000000008000b58                DMA2_Channel4_IRQHandler
                0x0000000008000b58                TIM3_IRQHandler
                0x0000000008000b58                RCC_IRQHandler
                0x0000000008000b58                DMA1_Channel1_IRQHandler
                0x0000000008000b58                Default_Handler
                0x0000000008000b58                DMA2_Channel7_IRQHandler
                0x0000000008000b58                EXTI15_10_IRQHandler
                0x0000000008000b58                TIM7_IRQHandler
                0x0000000008000b58                SDMMC1_IRQHandler
                0x0000000008000b58                TIM5_IRQHandler
                0x0000000008000b58                I2C3_EV_IRQHandler
                0x0000000008000b58                EXTI9_5_IRQHandler
                0x0000000008000b58                RTC_WKUP_IRQHandler
                0x0000000008000b58                PVD_PVM_IRQHandler
                0x0000000008000b58                SPI2_IRQHandler
                0x0000000008000b58                CAN1_TX_IRQHandler
                0x0000000008000b58                DMA2_Channel5_IRQHandler
                0x0000000008000b58                DMA1_Channel5_IRQHandler
                0x0000000008000b58                EXTI4_IRQHandler
                0x0000000008000b58                RNG_IRQHandler
                0x0000000008000b58                TIM1_TRG_COM_TIM17_IRQHandler
                0x0000000008000b58                DMA1_Channel3_IRQHandler
                0x0000000008000b58                COMP_IRQHandler
                0x0000000008000b58                WWDG_IRQHandler
                0x0000000008000b58                LPUART1_IRQHandler
                0x0000000008000b58                DMA2_Channel6_IRQHandler
                0x0000000008000b58                TIM2_IRQHandler
                0x0000000008000b58                EXTI1_IRQHandler
                0x0000000008000b58                USART2_IRQHandler
                0x0000000008000b58                DFSDM1_FLT0_IRQHandler
                0x0000000008000b58                I2C2_ER_IRQHandler
                0x0000000008000b58                DMA1_Channel2_IRQHandler
                0x0000000008000b58                TIM8_BRK_IRQHandler
                0x0000000008000b58                CAN1_SCE_IRQHandler
                0x0000000008000b58                FLASH_IRQHandler
                0x0000000008000b58                USART1_IRQHandler
                0x0000000008000b58                OTG_FS_IRQHandler
                0x0000000008000b58                SPI3_IRQHandler
                0x0000000008000b58                I2C1_ER_IRQHandler
                0x0000000008000b58                FMC_IRQHandler
                0x0000000008000b58                SWPMI1_IRQHandler
                0x0000000008000b58                LPTIM1_IRQHandler
                0x0000000008000b58                SAI1_IRQHandler
                0x0000000008000b58                DMA2_Channel3_IRQHandler
                0x0000000008000b58                TIM1_BRK_TIM15_IRQHandler
 .text.HAL_Init
                0x0000000008000b5a       0x30 Drivers/STM32L4xx_HAL_Driver/Src/stm32l4xx_hal.o
                0x0000000008000b5a                HAL_Init
 *fill*         0x0000000008000b8a        0x2 
 .text.HAL_InitTick
                0x0000000008000b8c       0x78 Drivers/STM32L4xx_HAL_Driver/Src/stm32l4xx_hal.o
                0x0000000008000b8c                HAL_InitTick
 .text.HAL_IncTick
                0x0000000008000c04       0x28 Drivers/STM32L4xx_HAL_Driver/Src/stm32l4xx_hal.o
                0x0000000008000c04                HAL_IncTick
 .text.HAL_GetTick
                0x0000000008000c2c       0x18 Drivers/STM32L4xx_HAL_Driver/Src/stm32l4xx_hal.o
                0x0000000008000c2c                HAL_GetTick
 .text.HAL_Delay
                0x0000000008000c44       0x44 Drivers/STM32L4xx_HAL_Driver/Src/stm32l4xx_hal.o
                0x0000000008000c44                HAL_Delay
 .text.__NVIC_SetPriorityGrouping
                0x0000000008000c88       0x48 Drivers/STM32L4xx_HAL_Driver/Src/stm32l4xx_hal_cortex.o
 .text.__NVIC_GetPriorityGrouping
                0x0000000008000cd0       0x1c Drivers/STM32L4xx_HAL_Driver/Src/stm32l4xx_hal_cortex.o
 .text.__NVIC_SetPriority
                0x0000000008000cec       0x54 Drivers/STM32L4xx_HAL_Driver/Src/stm32l4xx_hal_cortex.o
 .text.NVIC_EncodePriority
                0x0000000008000d40       0x66 Drivers/STM32L4xx_HAL_Driver/Src/stm32l4xx_hal_cortex.o
 *fill*         0x0000000008000da6        0x2 
 .text.SysTick_Config
                0x0000000008000da8       0x44 Drivers/STM32L4xx_HAL_Driver/Src/stm32l4xx_hal_cortex.o
 .text.HAL_NVIC_SetPriorityGrouping
                0x0000000008000dec       0x16 Drivers/STM32L4xx_HAL_Driver/Src/stm32l4xx_hal_cortex.o
                0x0000000008000dec                HAL_NVIC_SetPriorityGrouping
 .text.HAL_NVIC_SetPriority
                0x0000000008000e02       0x38 Drivers/STM32L4xx_HAL_Driver/Src/stm32l4xx_hal_cortex.o
                0x0000000008000e02                HAL_NVIC_SetPriority
 .text.HAL_SYSTICK_Config
                0x0000000008000e3a       0x18 Drivers/STM32L4xx_HAL_Driver/Src/stm32l4xx_hal_cortex.o
                0x0000000008000e3a                HAL_SYSTICK_Config
 *fill*         0x0000000008000e52        0x2 
 .text.HAL_GPIO_Init
                0x0000000008000e54      0x350 Drivers/STM32L4xx_HAL_Driver/Src/stm32l4xx_hal_gpio.o
                0x0000000008000e54                HAL_GPIO_Init
 .text.HAL_PWREx_GetVoltageRange
                0x00000000080011a4       0x1c Drivers/STM32L4xx_HAL_Driver/Src/stm32l4xx_hal_pwr_ex.o
                0x00000000080011a4                HAL_PWREx_GetVoltageRange
 .text.HAL_PWREx_ControlVoltageScaling
                0x00000000080011c0       0xac Drivers/STM32L4xx_HAL_Driver/Src/stm32l4xx_hal_pwr_ex.o
                0x00000000080011c0                HAL_PWREx_ControlVoltageScaling
 .text.HAL_RCC_OscConfig
                0x000000000800126c      0x7cc Drivers/STM32L4xx_HAL_Driver/Src/stm32l4xx_hal_rcc.o
                0x000000000800126c                HAL_RCC_OscConfig
 .text.HAL_RCC_ClockConfig
                0x0000000008001a38      0x1c4 Drivers/STM32L4xx_HAL_Driver/Src/stm32l4xx_hal_rcc.o
                0x0000000008001a38                HAL_RCC_ClockConfig
 .text.HAL_RCC_GetSysClockFreq
                0x0000000008001bfc      0x114 Drivers/STM32L4xx_HAL_Driver/Src/stm32l4xx_hal_rcc.o
                0x0000000008001bfc                HAL_RCC_GetSysClockFreq
 .text.HAL_RCC_GetHCLKFreq
                0x0000000008001d10       0x18 Drivers/STM32L4xx_HAL_Driver/Src/stm32l4xx_hal_rcc.o
                0x0000000008001d10                HAL_RCC_GetHCLKFreq
 .text.HAL_RCC_GetPCLK1Freq
                0x0000000008001d28       0x2c Drivers/STM32L4xx_HAL_Driver/Src/stm32l4xx_hal_rcc.o
                0x0000000008001d28                HAL_RCC_GetPCLK1Freq
 .text.HAL_RCC_GetPCLK2Freq
                0x0000000008001d54       0x2c Drivers/STM32L4xx_HAL_Driver/Src/stm32l4xx_hal_rcc.o
                0x0000000008001d54                HAL_RCC_GetPCLK2Freq
 .text.RCC_SetFlashLatencyFromMSIRange
                0x0000000008001d80       0xc0 Drivers/STM32L4xx_HAL_Driver/Src/stm32l4xx_hal_rcc.o
 .text.HAL_RCCEx_PeriphCLKConfig
                0x0000000008001e40      0x5cc Drivers/STM32L4xx_HAL_Driver/Src/stm32l4xx_hal_rcc_ex.o
                0x0000000008001e40                HAL_RCCEx_PeriphCLKConfig
 .text.RCCEx_PLLSAI1_Config
                0x000000000800240c      0x1e0 Drivers/STM32L4xx_HAL_Driver/Src/stm32l4xx_hal_rcc_ex.o
 .text.RCCEx_PLLSAI2_Config
                0x00000000080025ec      0x1b4 Drivers/STM32L4xx_HAL_Driver/Src/stm32l4xx_hal_rcc_ex.o
 .text.HAL_TIM_PWM_Init
                0x00000000080027a0       0xae Drivers/STM32L4xx_HAL_Driver/Src/stm32l4xx_hal_tim.o
                0x00000000080027a0                HAL_TIM_PWM_Init
 *fill*         0x000000000800284e        0x2 
 .text.HAL_TIM_PWM_Start
                0x0000000008002850      0x20c Drivers/STM32L4xx_HAL_Driver/Src/stm32l4xx_hal_tim.o
                0x0000000008002850                HAL_TIM_PWM_Start
 .text.HAL_TIM_IC_Init
                0x0000000008002a5c       0xae Drivers/STM32L4xx_HAL_Driver/Src/stm32l4xx_hal_tim.o
                0x0000000008002a5c                HAL_TIM_IC_Init
 .text.HAL_TIM_IC_MspInit
                0x0000000008002b0a       0x14 Drivers/STM32L4xx_HAL_Driver/Src/stm32l4xx_hal_tim.o
                0x0000000008002b0a                HAL_TIM_IC_MspInit
 .text.HAL_TIM_IC_ConfigChannel
                0x0000000008002b1e      0x128 Drivers/STM32L4xx_HAL_Driver/Src/stm32l4xx_hal_tim.o
                0x0000000008002b1e                HAL_TIM_IC_ConfigChannel
 *fill*         0x0000000008002c46        0x2 
 .text.HAL_TIM_PWM_ConfigChannel
                0x0000000008002c48      0x220 Drivers/STM32L4xx_HAL_Driver/Src/stm32l4xx_hal_tim.o
                0x0000000008002c48                HAL_TIM_PWM_ConfigChannel
 .text.TIM_Base_SetConfig
                0x0000000008002e68      0x134 Drivers/STM32L4xx_HAL_Driver/Src/stm32l4xx_hal_tim.o
                0x0000000008002e68                TIM_Base_SetConfig
 .text.TIM_OC1_SetConfig
                0x0000000008002f9c      0x120 Drivers/STM32L4xx_HAL_Driver/Src/stm32l4xx_hal_tim.o
 .text.TIM_OC2_SetConfig
                0x00000000080030bc      0x114 Drivers/STM32L4xx_HAL_Driver/Src/stm32l4xx_hal_tim.o
                0x00000000080030bc                TIM_OC2_SetConfig
 .text.TIM_OC3_SetConfig
                0x00000000080031d0      0x110 Drivers/STM32L4xx_HAL_Driver/Src/stm32l4xx_hal_tim.o
 .text.TIM_OC4_SetConfig
                0x00000000080032e0       0xd4 Drivers/STM32L4xx_HAL_Driver/Src/stm32l4xx_hal_tim.o
 .text.TIM_OC5_SetConfig
                0x00000000080033b4       0xc8 Drivers/STM32L4xx_HAL_Driver/Src/stm32l4xx_hal_tim.o
 .text.TIM_OC6_SetConfig
                0x000000000800347c       0xcc Drivers/STM32L4xx_HAL_Driver/Src/stm32l4xx_hal_tim.o
 .text.TIM_TI1_SetConfig
                0x0000000008003548       0xdc Drivers/STM32L4xx_HAL_Driver/Src/stm32l4xx_hal_tim.o
                0x0000000008003548                TIM_TI1_SetConfig
 .text.TIM_TI2_SetConfig
                0x0000000008003624       0x7a Drivers/STM32L4xx_HAL_Driver/Src/stm32l4xx_hal_tim.o
 .text.TIM_TI3_SetConfig
                0x000000000800369e       0x78 Drivers/STM32L4xx_HAL_Driver/Src/stm32l4xx_hal_tim.o
 .text.TIM_TI4_SetConfig
                0x0000000008003716       0x7a Drivers/STM32L4xx_HAL_Driver/Src/stm32l4xx_hal_tim.o
 .text.TIM_CCxChannelCmd
                0x0000000008003790       0x4a Drivers/STM32L4xx_HAL_Driver/Src/stm32l4xx_hal_tim.o
                0x0000000008003790                TIM_CCxChannelCmd
 *fill*         0x00000000080037da        0x2 
 .text.HAL_TIMEx_MasterConfigSynchronization
                0x00000000080037dc      0x110 Drivers/STM32L4xx_HAL_Driver/Src/stm32l4xx_hal_tim_ex.o
                0x00000000080037dc                HAL_TIMEx_MasterConfigSynchronization
 .text.HAL_UART_Init
                0x00000000080038ec       0x9c Drivers/STM32L4xx_HAL_Driver/Src/stm32l4xx_hal_uart.o
                0x00000000080038ec                HAL_UART_Init
 .text.HAL_UART_Transmit
                0x0000000008003988      0x126 Drivers/STM32L4xx_HAL_Driver/Src/stm32l4xx_hal_uart.o
                0x0000000008003988                HAL_UART_Transmit
 *fill*         0x0000000008003aae        0x2 
 .text.UART_SetConfig
                0x0000000008003ab0      0x514 Drivers/STM32L4xx_HAL_Driver/Src/stm32l4xx_hal_uart.o
                0x0000000008003ab0                UART_SetConfig
 .text.UART_AdvFeatureConfig
                0x0000000008003fc4      0x144 Drivers/STM32L4xx_HAL_Driver/Src/stm32l4xx_hal_uart.o
                0x0000000008003fc4                UART_AdvFeatureConfig
 .text.UART_CheckIdleState
                0x0000000008004108       0x8a Drivers/STM32L4xx_HAL_Driver/Src/stm32l4xx_hal_uart.o
                0x0000000008004108                UART_CheckIdleState
 .text.UART_WaitOnFlagUntilTimeout
                0x0000000008004192       0xf6 Drivers/STM32L4xx_HAL_Driver/Src/stm32l4xx_hal_uart.o
                0x0000000008004192                UART_WaitOnFlagUntilTimeout
 .text._ZN5ServoC2EP11TIM_TypeDefhttt
                0x0000000008004288       0x42 Libraries/Servo/Servo.o
                0x0000000008004288                Servo::Servo(TIM_TypeDef*, unsigned char, unsigned short, unsigned short, unsigned short)
                0x0000000008004288                Servo::Servo(TIM_TypeDef*, unsigned char, unsigned short, unsigned short, unsigned short)
 .text._ZN5ServoC2EP11TIM_TypeDefh
                0x00000000080042ca       0x2c Libraries/Servo/Servo.o
                0x00000000080042ca                Servo::Servo(TIM_TypeDef*, unsigned char)
                0x00000000080042ca                Servo::Servo(TIM_TypeDef*, unsigned char)
 *fill*         0x00000000080042f6        0x2 
 .text.__libc_init_array
                0x00000000080042f8       0x48 c:/st/stm32cubeide_1.4.0/stm32cubeide/plugins/com.st.stm32cube.ide.mcu.externaltools.gnu-tools-for-stm32.7-2018-q2-update.win32_1.4.0.202007081208/tools/bin/../lib/gcc/arm-none-eabi/7.3.1/../../../../arm-none-eabi/lib/thumb/v7e-m/fpv4-sp/hard\libc_nano.a(lib_a-init.o)
                0x00000000080042f8                __libc_init_array
 .text.memset   0x0000000008004340       0x10 c:/st/stm32cubeide_1.4.0/stm32cubeide/plugins/com.st.stm32cube.ide.mcu.externaltools.gnu-tools-for-stm32.7-2018-q2-update.win32_1.4.0.202007081208/tools/bin/../lib/gcc/arm-none-eabi/7.3.1/../../../../arm-none-eabi/lib/thumb/v7e-m/fpv4-sp/hard\libc_nano.a(lib_a-memset.o)
                0x0000000008004340                memset
 *(.glue_7)
 .glue_7        0x0000000008004350        0x0 linker stubs
 *(.glue_7t)
 .glue_7t       0x0000000008004350        0x0 linker stubs
 *(.eh_frame)
 .eh_frame      0x0000000008004350        0x0 c:/st/stm32cubeide_1.4.0/stm32cubeide/plugins/com.st.stm32cube.ide.mcu.externaltools.gnu-tools-for-stm32.7-2018-q2-update.win32_1.4.0.202007081208/tools/bin/../lib/gcc/arm-none-eabi/7.3.1/thumb/v7e-m/fpv4-sp/hard/crtbegin.o
 *(.init)
 .init          0x0000000008004350        0x4 c:/st/stm32cubeide_1.4.0/stm32cubeide/plugins/com.st.stm32cube.ide.mcu.externaltools.gnu-tools-for-stm32.7-2018-q2-update.win32_1.4.0.202007081208/tools/bin/../lib/gcc/arm-none-eabi/7.3.1/thumb/v7e-m/fpv4-sp/hard/crti.o
                0x0000000008004350                _init
 .init          0x0000000008004354        0x8 c:/st/stm32cubeide_1.4.0/stm32cubeide/plugins/com.st.stm32cube.ide.mcu.externaltools.gnu-tools-for-stm32.7-2018-q2-update.win32_1.4.0.202007081208/tools/bin/../lib/gcc/arm-none-eabi/7.3.1/thumb/v7e-m/fpv4-sp/hard/crtn.o
 *(.fini)
 .fini          0x000000000800435c        0x4 c:/st/stm32cubeide_1.4.0/stm32cubeide/plugins/com.st.stm32cube.ide.mcu.externaltools.gnu-tools-for-stm32.7-2018-q2-update.win32_1.4.0.202007081208/tools/bin/../lib/gcc/arm-none-eabi/7.3.1/thumb/v7e-m/fpv4-sp/hard/crti.o
                0x000000000800435c                _fini
 .fini          0x0000000008004360        0x8 c:/st/stm32cubeide_1.4.0/stm32cubeide/plugins/com.st.stm32cube.ide.mcu.externaltools.gnu-tools-for-stm32.7-2018-q2-update.win32_1.4.0.202007081208/tools/bin/../lib/gcc/arm-none-eabi/7.3.1/thumb/v7e-m/fpv4-sp/hard/crtn.o
                0x0000000008004368                . = ALIGN (0x4)
                0x0000000008004368                _etext = .

.vfp11_veneer   0x0000000008004368        0x0
 .vfp11_veneer  0x0000000008004368        0x0 linker stubs

.v4_bx          0x0000000008004368        0x0
 .v4_bx         0x0000000008004368        0x0 linker stubs

.iplt           0x0000000008004368        0x0
 .iplt          0x0000000008004368        0x0 c:/st/stm32cubeide_1.4.0/stm32cubeide/plugins/com.st.stm32cube.ide.mcu.externaltools.gnu-tools-for-stm32.7-2018-q2-update.win32_1.4.0.202007081208/tools/bin/../lib/gcc/arm-none-eabi/7.3.1/thumb/v7e-m/fpv4-sp/hard/crtbegin.o

.rodata         0x0000000008004368       0x70
                0x0000000008004368                . = ALIGN (0x4)
 *(.rodata)
 .rodata        0x0000000008004368       0x28 Core/Src/main.o
 *(.rodata*)
 .rodata.AHBPrescTable
                0x0000000008004390       0x10 Core/Src/system_stm32l4xx.o
                0x0000000008004390                AHBPrescTable
 .rodata.APBPrescTable
                0x00000000080043a0        0x8 Core/Src/system_stm32l4xx.o
                0x00000000080043a0                APBPrescTable
 .rodata.MSIRangeTable
                0x00000000080043a8       0x30 Core/Src/system_stm32l4xx.o
                0x00000000080043a8                MSIRangeTable
                0x00000000080043d8                . = ALIGN (0x4)

.ARM.extab      0x00000000080043d8        0x0
                0x00000000080043d8                . = ALIGN (0x4)
 *(.ARM.extab* .gnu.linkonce.armextab.*)
                0x00000000080043d8                . = ALIGN (0x4)

.ARM            0x00000000080043d8        0x8
                0x00000000080043d8                . = ALIGN (0x4)
                0x00000000080043d8                __exidx_start = .
 *(.ARM.exidx*)
 .ARM.exidx     0x00000000080043d8        0x8 c:/st/stm32cubeide_1.4.0/stm32cubeide/plugins/com.st.stm32cube.ide.mcu.externaltools.gnu-tools-for-stm32.7-2018-q2-update.win32_1.4.0.202007081208/tools/bin/../lib/gcc/arm-none-eabi/7.3.1/thumb/v7e-m/fpv4-sp/hard\libgcc.a(_udivmoddi4.o)
                0x00000000080043e0                __exidx_end = .
                0x00000000080043e0                . = ALIGN (0x4)

.rel.dyn        0x00000000080043e0        0x0
 .rel.iplt      0x00000000080043e0        0x0 c:/st/stm32cubeide_1.4.0/stm32cubeide/plugins/com.st.stm32cube.ide.mcu.externaltools.gnu-tools-for-stm32.7-2018-q2-update.win32_1.4.0.202007081208/tools/bin/../lib/gcc/arm-none-eabi/7.3.1/thumb/v7e-m/fpv4-sp/hard/crtbegin.o

.preinit_array  0x00000000080043e0        0x0
                0x00000000080043e0                . = ALIGN (0x4)
                0x00000000080043e0                PROVIDE (__preinit_array_start = .)
 *(.preinit_array*)
                0x00000000080043e0                PROVIDE (__preinit_array_end = .)
                0x00000000080043e0                . = ALIGN (0x4)

.init_array     0x00000000080043e0        0x4
                0x00000000080043e0                . = ALIGN (0x4)
                0x00000000080043e0                PROVIDE (__init_array_start = .)
 *(SORT_BY_NAME(.init_array.*))
 *(.init_array*)
 .init_array    0x00000000080043e0        0x4 c:/st/stm32cubeide_1.4.0/stm32cubeide/plugins/com.st.stm32cube.ide.mcu.externaltools.gnu-tools-for-stm32.7-2018-q2-update.win32_1.4.0.202007081208/tools/bin/../lib/gcc/arm-none-eabi/7.3.1/thumb/v7e-m/fpv4-sp/hard/crtbegin.o
                0x00000000080043e4                PROVIDE (__init_array_end = .)
                0x00000000080043e4                . = ALIGN (0x4)

.fini_array     0x00000000080043e4        0x4
                0x00000000080043e4                . = ALIGN (0x4)
                [!provide]                        PROVIDE (__fini_array_start = .)
 *(SORT_BY_NAME(.fini_array.*))
 *(.fini_array*)
 .fini_array    0x00000000080043e4        0x4 c:/st/stm32cubeide_1.4.0/stm32cubeide/plugins/com.st.stm32cube.ide.mcu.externaltools.gnu-tools-for-stm32.7-2018-q2-update.win32_1.4.0.202007081208/tools/bin/../lib/gcc/arm-none-eabi/7.3.1/thumb/v7e-m/fpv4-sp/hard/crtbegin.o
                [!provide]                        PROVIDE (__fini_array_end = .)
                0x00000000080043e8                . = ALIGN (0x4)
                0x00000000080043e8                _sidata = LOADADDR (.data)

.data           0x0000000020000000        0xc load address 0x00000000080043e8
                0x0000000020000000                . = ALIGN (0x4)
                0x0000000020000000                _sdata = .
 *(.data)
 *(.data*)
 .data.SystemCoreClock
                0x0000000020000000        0x4 Core/Src/system_stm32l4xx.o
                0x0000000020000000                SystemCoreClock
 .data.uwTickPrio
                0x0000000020000004        0x4 Drivers/STM32L4xx_HAL_Driver/Src/stm32l4xx_hal.o
                0x0000000020000004                uwTickPrio
 .data.uwTickFreq
                0x0000000020000008        0x1 Drivers/STM32L4xx_HAL_Driver/Src/stm32l4xx_hal.o
                0x0000000020000008                uwTickFreq
                0x000000002000000c                . = ALIGN (0x4)
 *fill*         0x0000000020000009        0x3 
                0x000000002000000c                _edata = .

.igot.plt       0x000000002000000c        0x0 load address 0x00000000080043f4
 .igot.plt      0x000000002000000c        0x0 c:/st/stm32cubeide_1.4.0/stm32cubeide/plugins/com.st.stm32cube.ide.mcu.externaltools.gnu-tools-for-stm32.7-2018-q2-update.win32_1.4.0.202007081208/tools/bin/../lib/gcc/arm-none-eabi/7.3.1/thumb/v7e-m/fpv4-sp/hard/crtbegin.o
                0x000000002000000c                . = ALIGN (0x4)

.bss            0x000000002000000c       0xec load address 0x00000000080043f4
                0x000000002000000c                _sbss = .
                0x000000002000000c                __bss_start__ = _sbss
 *(.bss)
 .bss           0x000000002000000c       0x1c c:/st/stm32cubeide_1.4.0/stm32cubeide/plugins/com.st.stm32cube.ide.mcu.externaltools.gnu-tools-for-stm32.7-2018-q2-update.win32_1.4.0.202007081208/tools/bin/../lib/gcc/arm-none-eabi/7.3.1/thumb/v7e-m/fpv4-sp/hard/crtbegin.o
 *(.bss*)
 .bss.htim2     0x0000000020000028       0x4c Core/Src/main.o
                0x0000000020000028                htim2
 .bss.huart2    0x0000000020000074       0x80 Core/Src/main.o
                0x0000000020000074                huart2
 *(COMMON)
 COMMON         0x00000000200000f4        0x4 Drivers/STM32L4xx_HAL_Driver/Src/stm32l4xx_hal.o
                0x00000000200000f4                uwTick
                0x00000000200000f8                . = ALIGN (0x4)
                0x00000000200000f8                _ebss = .
                0x00000000200000f8                __bss_end__ = _ebss

._user_heap_stack
                0x00000000200000f8      0x600 load address 0x00000000080043f4
                0x00000000200000f8                . = ALIGN (0x8)
                [!provide]                        PROVIDE (end = .)
                0x00000000200000f8                PROVIDE (_end = .)
                0x00000000200002f8                . = (. + _Min_Heap_Size)
 *fill*         0x00000000200000f8      0x200 
                0x00000000200006f8                . = (. + _Min_Stack_Size)
 *fill*         0x00000000200002f8      0x400 
                0x00000000200006f8                . = ALIGN (0x8)

/DISCARD/
 libc.a(*)
 libm.a(*)
 libgcc.a(*)

.ARM.attributes
                0x0000000000000000       0x30
 *(.ARM.attributes)
 .ARM.attributes
                0x0000000000000000       0x22 c:/st/stm32cubeide_1.4.0/stm32cubeide/plugins/com.st.stm32cube.ide.mcu.externaltools.gnu-tools-for-stm32.7-2018-q2-update.win32_1.4.0.202007081208/tools/bin/../lib/gcc/arm-none-eabi/7.3.1/thumb/v7e-m/fpv4-sp/hard/crti.o
 .ARM.attributes
                0x0000000000000022       0x34 c:/st/stm32cubeide_1.4.0/stm32cubeide/plugins/com.st.stm32cube.ide.mcu.externaltools.gnu-tools-for-stm32.7-2018-q2-update.win32_1.4.0.202007081208/tools/bin/../lib/gcc/arm-none-eabi/7.3.1/thumb/v7e-m/fpv4-sp/hard/crtbegin.o
 .ARM.attributes
                0x0000000000000056       0x39 Core/Src/main.o
 .ARM.attributes
                0x000000000000008f       0x39 Core/Src/stm32l4xx_hal_msp.o
 .ARM.attributes
                0x00000000000000c8       0x39 Core/Src/stm32l4xx_it.o
 .ARM.attributes
                0x0000000000000101       0x39 Core/Src/system_stm32l4xx.o
 .ARM.attributes
                0x000000000000013a       0x21 Core/Startup/startup_stm32l476vgtx.o
 .ARM.attributes
                0x000000000000015b       0x39 Drivers/STM32L4xx_HAL_Driver/Src/stm32l4xx_hal.o
 .ARM.attributes
                0x0000000000000194       0x39 Drivers/STM32L4xx_HAL_Driver/Src/stm32l4xx_hal_cortex.o
 .ARM.attributes
                0x00000000000001cd       0x39 Drivers/STM32L4xx_HAL_Driver/Src/stm32l4xx_hal_gpio.o
 .ARM.attributes
                0x0000000000000206       0x39 Drivers/STM32L4xx_HAL_Driver/Src/stm32l4xx_hal_pwr_ex.o
 .ARM.attributes
                0x000000000000023f       0x39 Drivers/STM32L4xx_HAL_Driver/Src/stm32l4xx_hal_rcc.o
 .ARM.attributes
                0x0000000000000278       0x39 Drivers/STM32L4xx_HAL_Driver/Src/stm32l4xx_hal_rcc_ex.o
 .ARM.attributes
                0x00000000000002b1       0x39 Drivers/STM32L4xx_HAL_Driver/Src/stm32l4xx_hal_tim.o
 .ARM.attributes
                0x00000000000002ea       0x39 Drivers/STM32L4xx_HAL_Driver/Src/stm32l4xx_hal_tim_ex.o
 .ARM.attributes
                0x0000000000000323       0x39 Drivers/STM32L4xx_HAL_Driver/Src/stm32l4xx_hal_uart.o
 .ARM.attributes
                0x000000000000035c       0x39 Libraries/Servo/Servo.o
 .ARM.attributes
                0x0000000000000395       0x34 c:/st/stm32cubeide_1.4.0/stm32cubeide/plugins/com.st.stm32cube.ide.mcu.externaltools.gnu-tools-for-stm32.7-2018-q2-update.win32_1.4.0.202007081208/tools/bin/../lib/gcc/arm-none-eabi/7.3.1/../../../../arm-none-eabi/lib/thumb/v7e-m/fpv4-sp/hard\libc_nano.a(lib_a-init.o)
 .ARM.attributes
                0x00000000000003c9       0x34 c:/st/stm32cubeide_1.4.0/stm32cubeide/plugins/com.st.stm32cube.ide.mcu.externaltools.gnu-tools-for-stm32.7-2018-q2-update.win32_1.4.0.202007081208/tools/bin/../lib/gcc/arm-none-eabi/7.3.1/../../../../arm-none-eabi/lib/thumb/v7e-m/fpv4-sp/hard\libc_nano.a(lib_a-memset.o)
 .ARM.attributes
                0x00000000000003fd       0x22 c:/st/stm32cubeide_1.4.0/stm32cubeide/plugins/com.st.stm32cube.ide.mcu.externaltools.gnu-tools-for-stm32.7-2018-q2-update.win32_1.4.0.202007081208/tools/bin/../lib/gcc/arm-none-eabi/7.3.1/thumb/v7e-m/fpv4-sp/hard\libgcc.a(_aeabi_uldivmod.o)
 .ARM.attributes
                0x000000000000041f       0x34 c:/st/stm32cubeide_1.4.0/stm32cubeide/plugins/com.st.stm32cube.ide.mcu.externaltools.gnu-tools-for-stm32.7-2018-q2-update.win32_1.4.0.202007081208/tools/bin/../lib/gcc/arm-none-eabi/7.3.1/thumb/v7e-m/fpv4-sp/hard\libgcc.a(_udivmoddi4.o)
 .ARM.attributes
                0x0000000000000453       0x22 c:/st/stm32cubeide_1.4.0/stm32cubeide/plugins/com.st.stm32cube.ide.mcu.externaltools.gnu-tools-for-stm32.7-2018-q2-update.win32_1.4.0.202007081208/tools/bin/../lib/gcc/arm-none-eabi/7.3.1/thumb/v7e-m/fpv4-sp/hard\libgcc.a(_dvmd_tls.o)
 .ARM.attributes
                0x0000000000000475       0x22 c:/st/stm32cubeide_1.4.0/stm32cubeide/plugins/com.st.stm32cube.ide.mcu.externaltools.gnu-tools-for-stm32.7-2018-q2-update.win32_1.4.0.202007081208/tools/bin/../lib/gcc/arm-none-eabi/7.3.1/thumb/v7e-m/fpv4-sp/hard/crtn.o
OUTPUT(testing_board.elf elf32-littlearm)

.debug_info     0x0000000000000000     0xdd1f
 .debug_info    0x0000000000000000     0x1504 Core/Src/main.o
 .debug_info    0x0000000000001504      0xff1 Core/Src/stm32l4xx_hal_msp.o
 .debug_info    0x00000000000024f5      0x349 Core/Src/stm32l4xx_it.o
 .debug_info    0x000000000000283e      0x727 Core/Src/system_stm32l4xx.o
 .debug_info    0x0000000000002f65       0x22 Core/Startup/startup_stm32l476vgtx.o
 .debug_info    0x0000000000002f87      0xc20 Drivers/STM32L4xx_HAL_Driver/Src/stm32l4xx_hal.o
 .debug_info    0x0000000000003ba7      0xf6d Drivers/STM32L4xx_HAL_Driver/Src/stm32l4xx_hal_cortex.o
 .debug_info    0x0000000000004b14      0x9c2 Drivers/STM32L4xx_HAL_Driver/Src/stm32l4xx_hal_gpio.o
 .debug_info    0x00000000000054d6      0xb35 Drivers/STM32L4xx_HAL_Driver/Src/stm32l4xx_hal_pwr_ex.o
 .debug_info    0x000000000000600b      0xd2f Drivers/STM32L4xx_HAL_Driver/Src/stm32l4xx_hal_rcc.o
 .debug_info    0x0000000000006d3a      0xf41 Drivers/STM32L4xx_HAL_Driver/Src/stm32l4xx_hal_rcc_ex.o
 .debug_info    0x0000000000007c7b     0x2a61 Drivers/STM32L4xx_HAL_Driver/Src/stm32l4xx_hal_tim.o
 .debug_info    0x000000000000a6dc     0x167e Drivers/STM32L4xx_HAL_Driver/Src/stm32l4xx_hal_tim_ex.o
 .debug_info    0x000000000000bd5a     0x1830 Drivers/STM32L4xx_HAL_Driver/Src/stm32l4xx_hal_uart.o
 .debug_info    0x000000000000d58a      0x795 Libraries/Servo/Servo.o

.debug_abbrev   0x0000000000000000     0x1c0e
 .debug_abbrev  0x0000000000000000      0x277 Core/Src/main.o
 .debug_abbrev  0x0000000000000277      0x19d Core/Src/stm32l4xx_hal_msp.o
 .debug_abbrev  0x0000000000000414       0xe2 Core/Src/stm32l4xx_it.o
 .debug_abbrev  0x00000000000004f6      0x150 Core/Src/system_stm32l4xx.o
 .debug_abbrev  0x0000000000000646       0x12 Core/Startup/startup_stm32l476vgtx.o
 .debug_abbrev  0x0000000000000658      0x1fb Drivers/STM32L4xx_HAL_Driver/Src/stm32l4xx_hal.o
 .debug_abbrev  0x0000000000000853      0x2fa Drivers/STM32L4xx_HAL_Driver/Src/stm32l4xx_hal_cortex.o
 .debug_abbrev  0x0000000000000b4d      0x1c0 Drivers/STM32L4xx_HAL_Driver/Src/stm32l4xx_hal_gpio.o
 .debug_abbrev  0x0000000000000d0d      0x1cb Drivers/STM32L4xx_HAL_Driver/Src/stm32l4xx_hal_pwr_ex.o
 .debug_abbrev  0x0000000000000ed8      0x245 Drivers/STM32L4xx_HAL_Driver/Src/stm32l4xx_hal_rcc.o
 .debug_abbrev  0x000000000000111d      0x238 Drivers/STM32L4xx_HAL_Driver/Src/stm32l4xx_hal_rcc_ex.o
 .debug_abbrev  0x0000000000001355      0x230 Drivers/STM32L4xx_HAL_Driver/Src/stm32l4xx_hal_tim.o
 .debug_abbrev  0x0000000000001585      0x236 Drivers/STM32L4xx_HAL_Driver/Src/stm32l4xx_hal_tim_ex.o
 .debug_abbrev  0x00000000000017bb      0x205 Drivers/STM32L4xx_HAL_Driver/Src/stm32l4xx_hal_uart.o
 .debug_abbrev  0x00000000000019c0      0x24e Libraries/Servo/Servo.o

.debug_aranges  0x0000000000000000      0xe28
 .debug_aranges
                0x0000000000000000       0x48 Core/Src/main.o
 .debug_aranges
                0x0000000000000048       0x48 Core/Src/stm32l4xx_hal_msp.o
 .debug_aranges
                0x0000000000000090       0x60 Core/Src/stm32l4xx_it.o
 .debug_aranges
                0x00000000000000f0       0x28 Core/Src/system_stm32l4xx.o
 .debug_aranges
                0x0000000000000118       0x28 Core/Startup/startup_stm32l476vgtx.o
 .debug_aranges
                0x0000000000000140      0x130 Drivers/STM32L4xx_HAL_Driver/Src/stm32l4xx_hal.o
 .debug_aranges
                0x0000000000000270      0x118 Drivers/STM32L4xx_HAL_Driver/Src/stm32l4xx_hal_cortex.o
 .debug_aranges
                0x0000000000000388       0x58 Drivers/STM32L4xx_HAL_Driver/Src/stm32l4xx_hal_gpio.o
 .debug_aranges
                0x00000000000003e0      0x150 Drivers/STM32L4xx_HAL_Driver/Src/stm32l4xx_hal_pwr_ex.o
 .debug_aranges
                0x0000000000000530       0x88 Drivers/STM32L4xx_HAL_Driver/Src/stm32l4xx_hal_rcc.o
 .debug_aranges
                0x00000000000005b8       0xc0 Drivers/STM32L4xx_HAL_Driver/Src/stm32l4xx_hal_rcc_ex.o
 .debug_aranges
                0x0000000000000678      0x3e0 Drivers/STM32L4xx_HAL_Driver/Src/stm32l4xx_hal_tim.o
 .debug_aranges
                0x0000000000000a58      0x180 Drivers/STM32L4xx_HAL_Driver/Src/stm32l4xx_hal_tim_ex.o
 .debug_aranges
                0x0000000000000bd8      0x210 Drivers/STM32L4xx_HAL_Driver/Src/stm32l4xx_hal_uart.o
 .debug_aranges
                0x0000000000000de8       0x40 Libraries/Servo/Servo.o

.debug_ranges   0x0000000000000000      0xd40
 .debug_ranges  0x0000000000000000       0x38 Core/Src/main.o
 .debug_ranges  0x0000000000000038       0x38 Core/Src/stm32l4xx_hal_msp.o
 .debug_ranges  0x0000000000000070       0x50 Core/Src/stm32l4xx_it.o
 .debug_ranges  0x00000000000000c0       0x18 Core/Src/system_stm32l4xx.o
 .debug_ranges  0x00000000000000d8       0x20 Core/Startup/startup_stm32l476vgtx.o
 .debug_ranges  0x00000000000000f8      0x120 Drivers/STM32L4xx_HAL_Driver/Src/stm32l4xx_hal.o
 .debug_ranges  0x0000000000000218      0x108 Drivers/STM32L4xx_HAL_Driver/Src/stm32l4xx_hal_cortex.o
 .debug_ranges  0x0000000000000320       0x48 Drivers/STM32L4xx_HAL_Driver/Src/stm32l4xx_hal_gpio.o
 .debug_ranges  0x0000000000000368      0x140 Drivers/STM32L4xx_HAL_Driver/Src/stm32l4xx_hal_pwr_ex.o
 .debug_ranges  0x00000000000004a8       0x78 Drivers/STM32L4xx_HAL_Driver/Src/stm32l4xx_hal_rcc.o
 .debug_ranges  0x0000000000000520       0xb0 Drivers/STM32L4xx_HAL_Driver/Src/stm32l4xx_hal_rcc_ex.o
 .debug_ranges  0x00000000000005d0      0x3d0 Drivers/STM32L4xx_HAL_Driver/Src/stm32l4xx_hal_tim.o
 .debug_ranges  0x00000000000009a0      0x170 Drivers/STM32L4xx_HAL_Driver/Src/stm32l4xx_hal_tim_ex.o
 .debug_ranges  0x0000000000000b10      0x200 Drivers/STM32L4xx_HAL_Driver/Src/stm32l4xx_hal_uart.o
 .debug_ranges  0x0000000000000d10       0x30 Libraries/Servo/Servo.o

.debug_macro    0x0000000000000000    0x27dee
 .debug_macro   0x0000000000000000      0x1fc Core/Src/main.o
 .debug_macro   0x00000000000001fc      0xb2c Core/Src/main.o
 .debug_macro   0x0000000000000d28      0x1ad Core/Src/main.o
 .debug_macro   0x0000000000000ed5       0x2e Core/Src/main.o
 .debug_macro   0x0000000000000f03       0x28 Core/Src/main.o
 .debug_macro   0x0000000000000f2b       0x1c Core/Src/main.o
 .debug_macro   0x0000000000000f47       0x22 Core/Src/main.o
 .debug_macro   0x0000000000000f69       0x8e Core/Src/main.o
 .debug_macro   0x0000000000000ff7       0x51 Core/Src/main.o
 .debug_macro   0x0000000000001048       0xef Core/Src/main.o
 .debug_macro   0x0000000000001137       0x6a Core/Src/main.o
 .debug_macro   0x00000000000011a1      0x1df Core/Src/main.o
 .debug_macro   0x0000000000001380       0x1c Core/Src/main.o
 .debug_macro   0x000000000000139c       0x22 Core/Src/main.o
 .debug_macro   0x00000000000013be      0x101 Core/Src/main.o
 .debug_macro   0x00000000000014bf     0x1011 Core/Src/main.o
 .debug_macro   0x00000000000024d0      0x11f Core/Src/main.o
 .debug_macro   0x00000000000025ef    0x1a13d Core/Src/main.o
 .debug_macro   0x000000000001c72c       0x43 Core/Src/main.o
 .debug_macro   0x000000000001c76f     0x3890 Core/Src/main.o
 .debug_macro   0x000000000001ffff      0x17b Core/Src/main.o
 .debug_macro   0x000000000002017a       0x5c Core/Src/main.o
 .debug_macro   0x00000000000201d6     0x155f Core/Src/main.o
 .debug_macro   0x0000000000021735      0x59e Core/Src/main.o
 .debug_macro   0x0000000000021cd3      0x13d Core/Src/main.o
 .debug_macro   0x0000000000021e10      0x18b Core/Src/main.o
 .debug_macro   0x0000000000021f9b      0x26b Core/Src/main.o
 .debug_macro   0x0000000000022206      0x23d Core/Src/main.o
 .debug_macro   0x0000000000022443      0x241 Core/Src/main.o
 .debug_macro   0x0000000000022684      0x37c Core/Src/main.o
 .debug_macro   0x0000000000022a00       0xd6 Core/Src/main.o
 .debug_macro   0x0000000000022ad6      0x22c Core/Src/main.o
 .debug_macro   0x0000000000022d02       0x61 Core/Src/main.o
 .debug_macro   0x0000000000022d63       0xa5 Core/Src/main.o
 .debug_macro   0x0000000000022e08      0x122 Core/Src/main.o
 .debug_macro   0x0000000000022f2a      0x3e9 Core/Src/main.o
 .debug_macro   0x0000000000023313      0xa75 Core/Src/main.o
 .debug_macro   0x0000000000023d88      0x1e7 Core/Src/main.o
 .debug_macro   0x0000000000023f6f      0x59e Core/Src/main.o
 .debug_macro   0x000000000002450d       0x44 Core/Src/main.o
 .debug_macro   0x0000000000024551      0x331 Core/Src/main.o
 .debug_macro   0x0000000000024882      0x1e3 Core/Src/stm32l4xx_hal_msp.o
 .debug_macro   0x0000000000024a65      0xa5a Core/Src/stm32l4xx_hal_msp.o
 .debug_macro   0x00000000000254bf     0x1011 Core/Src/stm32l4xx_hal_msp.o
 .debug_macro   0x00000000000264d0      0x174 Core/Src/stm32l4xx_hal_msp.o
 .debug_macro   0x0000000000026644      0x1ed Core/Src/stm32l4xx_it.o
 .debug_macro   0x0000000000026831      0x1df Core/Src/system_stm32l4xx.o
 .debug_macro   0x0000000000026a10      0x227 Drivers/STM32L4xx_HAL_Driver/Src/stm32l4xx_hal.o
 .debug_macro   0x0000000000026c37      0x1d9 Drivers/STM32L4xx_HAL_Driver/Src/stm32l4xx_hal_cortex.o
 .debug_macro   0x0000000000026e10      0x218 Drivers/STM32L4xx_HAL_Driver/Src/stm32l4xx_hal_gpio.o
 .debug_macro   0x0000000000027028      0x1fd Drivers/STM32L4xx_HAL_Driver/Src/stm32l4xx_hal_pwr_ex.o
 .debug_macro   0x0000000000027225      0x21b Drivers/STM32L4xx_HAL_Driver/Src/stm32l4xx_hal_rcc.o
 .debug_macro   0x0000000000027440      0x20f Drivers/STM32L4xx_HAL_Driver/Src/stm32l4xx_hal_rcc_ex.o
 .debug_macro   0x000000000002764f      0x1da Drivers/STM32L4xx_HAL_Driver/Src/stm32l4xx_hal_tim.o
 .debug_macro   0x0000000000027829      0x1d9 Drivers/STM32L4xx_HAL_Driver/Src/stm32l4xx_hal_tim_ex.o
 .debug_macro   0x0000000000027a02      0x204 Drivers/STM32L4xx_HAL_Driver/Src/stm32l4xx_hal_uart.o
 .debug_macro   0x0000000000027c06      0x1e8 Libraries/Servo/Servo.o

.debug_line     0x0000000000000000     0xb38f
 .debug_line    0x0000000000000000      0x7f0 Core/Src/main.o
 .debug_line    0x00000000000007f0      0x76b Core/Src/stm32l4xx_hal_msp.o
 .debug_line    0x0000000000000f5b      0x797 Core/Src/stm32l4xx_it.o
 .debug_line    0x00000000000016f2      0x71e Core/Src/system_stm32l4xx.o
 .debug_line    0x0000000000001e10       0x87 Core/Startup/startup_stm32l476vgtx.o
 .debug_line    0x0000000000001e97      0x994 Drivers/STM32L4xx_HAL_Driver/Src/stm32l4xx_hal.o
 .debug_line    0x000000000000282b      0xa1c Drivers/STM32L4xx_HAL_Driver/Src/stm32l4xx_hal_cortex.o
 .debug_line    0x0000000000003247      0x8af Drivers/STM32L4xx_HAL_Driver/Src/stm32l4xx_hal_gpio.o
 .debug_line    0x0000000000003af6      0xaa8 Drivers/STM32L4xx_HAL_Driver/Src/stm32l4xx_hal_pwr_ex.o
 .debug_line    0x000000000000459e      0xa0b Drivers/STM32L4xx_HAL_Driver/Src/stm32l4xx_hal_rcc.o
 .debug_line    0x0000000000004fa9      0xca1 Drivers/STM32L4xx_HAL_Driver/Src/stm32l4xx_hal_rcc_ex.o
 .debug_line    0x0000000000005c4a     0x27b4 Drivers/STM32L4xx_HAL_Driver/Src/stm32l4xx_hal_tim.o
 .debug_line    0x00000000000083fe     0x1584 Drivers/STM32L4xx_HAL_Driver/Src/stm32l4xx_hal_tim_ex.o
 .debug_line    0x0000000000009982     0x12a3 Drivers/STM32L4xx_HAL_Driver/Src/stm32l4xx_hal_uart.o
 .debug_line    0x000000000000ac25      0x76a Libraries/Servo/Servo.o

.debug_str      0x0000000000000000    0xf009a
 .debug_str     0x0000000000000000    0xec340 Core/Src/main.o
                                      0xec9c7 (size before relaxing)
 .debug_str     0x00000000000ec340      0x2db Core/Src/stm32l4xx_hal_msp.o
                                      0xebc71 (size before relaxing)
 .debug_str     0x00000000000ec61b       0xbd Core/Src/stm32l4xx_it.o
                                      0xeb418 (size before relaxing)
 .debug_str     0x00000000000ec6d8       0xcd Core/Src/system_stm32l4xx.o
                                      0xeb56d (size before relaxing)
 .debug_str     0x00000000000ec7a5       0x36 Core/Startup/startup_stm32l476vgtx.o
                                         0x5c (size before relaxing)
 .debug_str     0x00000000000ec7db      0x9ed Drivers/STM32L4xx_HAL_Driver/Src/stm32l4xx_hal.o
                                      0xec051 (size before relaxing)
 .debug_str     0x00000000000ed1c8      0x389 Drivers/STM32L4xx_HAL_Driver/Src/stm32l4xx_hal_cortex.o
                                      0xebdc1 (size before relaxing)
 .debug_str     0x00000000000ed551      0x252 Drivers/STM32L4xx_HAL_Driver/Src/stm32l4xx_hal_gpio.o
                                      0xeb7ec (size before relaxing)
 .debug_str     0x00000000000ed7a3      0x4b4 Drivers/STM32L4xx_HAL_Driver/Src/stm32l4xx_hal_pwr_ex.o
                                      0xeba88 (size before relaxing)
 .debug_str     0x00000000000edc57      0x3aa Drivers/STM32L4xx_HAL_Driver/Src/stm32l4xx_hal_rcc.o
                                      0xebb2f (size before relaxing)
 .debug_str     0x00000000000ee001      0x3a6 Drivers/STM32L4xx_HAL_Driver/Src/stm32l4xx_hal_rcc_ex.o
                                      0xebcc0 (size before relaxing)
 .debug_str     0x00000000000ee3a7      0xdeb Drivers/STM32L4xx_HAL_Driver/Src/stm32l4xx_hal_tim.o
                                      0xec7f5 (size before relaxing)
 .debug_str     0x00000000000ef192      0x625 Drivers/STM32L4xx_HAL_Driver/Src/stm32l4xx_hal_tim_ex.o
                                      0xec0e9 (size before relaxing)
 .debug_str     0x00000000000ef7b7      0x840 Drivers/STM32L4xx_HAL_Driver/Src/stm32l4xx_hal_uart.o
                                      0xec124 (size before relaxing)
 .debug_str     0x00000000000efff7       0xa3 Libraries/Servo/Servo.o
                                      0xeba48 (size before relaxing)

.comment        0x0000000000000000       0x7b
 .comment       0x0000000000000000       0x7b Core/Src/main.o
                                         0x7c (size before relaxing)
 .comment       0x000000000000007b       0x7c Core/Src/stm32l4xx_hal_msp.o
 .comment       0x000000000000007b       0x7c Core/Src/stm32l4xx_it.o
 .comment       0x000000000000007b       0x7c Core/Src/system_stm32l4xx.o
 .comment       0x000000000000007b       0x7c Drivers/STM32L4xx_HAL_Driver/Src/stm32l4xx_hal.o
 .comment       0x000000000000007b       0x7c Drivers/STM32L4xx_HAL_Driver/Src/stm32l4xx_hal_cortex.o
 .comment       0x000000000000007b       0x7c Drivers/STM32L4xx_HAL_Driver/Src/stm32l4xx_hal_gpio.o
 .comment       0x000000000000007b       0x7c Drivers/STM32L4xx_HAL_Driver/Src/stm32l4xx_hal_pwr_ex.o
 .comment       0x000000000000007b       0x7c Drivers/STM32L4xx_HAL_Driver/Src/stm32l4xx_hal_rcc.o
 .comment       0x000000000000007b       0x7c Drivers/STM32L4xx_HAL_Driver/Src/stm32l4xx_hal_rcc_ex.o
 .comment       0x000000000000007b       0x7c Drivers/STM32L4xx_HAL_Driver/Src/stm32l4xx_hal_tim.o
 .comment       0x000000000000007b       0x7c Drivers/STM32L4xx_HAL_Driver/Src/stm32l4xx_hal_tim_ex.o
 .comment       0x000000000000007b       0x7c Drivers/STM32L4xx_HAL_Driver/Src/stm32l4xx_hal_uart.o
 .comment       0x000000000000007b       0x7c Libraries/Servo/Servo.o

.debug_frame    0x0000000000000000     0x3b9c
 .debug_frame   0x0000000000000000       0xe0 Core/Src/main.o
 .debug_frame   0x00000000000000e0       0xec Core/Src/stm32l4xx_hal_msp.o
 .debug_frame   0x00000000000001cc      0x10c Core/Src/stm32l4xx_it.o
 .debug_frame   0x00000000000002d8       0x58 Core/Src/system_stm32l4xx.o
 .debug_frame   0x0000000000000330      0x498 Drivers/STM32L4xx_HAL_Driver/Src/stm32l4xx_hal.o
 .debug_frame   0x00000000000007c8      0x498 Drivers/STM32L4xx_HAL_Driver/Src/stm32l4xx_hal_cortex.o
 .debug_frame   0x0000000000000c60      0x14c Drivers/STM32L4xx_HAL_Driver/Src/stm32l4xx_hal_gpio.o
 .debug_frame   0x0000000000000dac      0x544 Drivers/STM32L4xx_HAL_Driver/Src/stm32l4xx_hal_pwr_ex.o
 .debug_frame   0x00000000000012f0      0x1f4 Drivers/STM32L4xx_HAL_Driver/Src/stm32l4xx_hal_rcc.o
 .debug_frame   0x00000000000014e4      0x2fc Drivers/STM32L4xx_HAL_Driver/Src/stm32l4xx_hal_rcc_ex.o
 .debug_frame   0x00000000000017e0     0x121c Drivers/STM32L4xx_HAL_Driver/Src/stm32l4xx_hal_tim.o
 .debug_frame   0x00000000000029fc      0x6b0 Drivers/STM32L4xx_HAL_Driver/Src/stm32l4xx_hal_tim_ex.o
 .debug_frame   0x00000000000030ac      0x974 Drivers/STM32L4xx_HAL_Driver/Src/stm32l4xx_hal_uart.o
 .debug_frame   0x0000000000003a20       0xd0 Libraries/Servo/Servo.o
 .debug_frame   0x0000000000003af0       0x2c c:/st/stm32cubeide_1.4.0/stm32cubeide/plugins/com.st.stm32cube.ide.mcu.externaltools.gnu-tools-for-stm32.7-2018-q2-update.win32_1.4.0.202007081208/tools/bin/../lib/gcc/arm-none-eabi/7.3.1/../../../../arm-none-eabi/lib/thumb/v7e-m/fpv4-sp/hard\libc_nano.a(lib_a-init.o)
 .debug_frame   0x0000000000003b1c       0x20 c:/st/stm32cubeide_1.4.0/stm32cubeide/plugins/com.st.stm32cube.ide.mcu.externaltools.gnu-tools-for-stm32.7-2018-q2-update.win32_1.4.0.202007081208/tools/bin/../lib/gcc/arm-none-eabi/7.3.1/../../../../arm-none-eabi/lib/thumb/v7e-m/fpv4-sp/hard\libc_nano.a(lib_a-memset.o)
 .debug_frame   0x0000000000003b3c       0x2c c:/st/stm32cubeide_1.4.0/stm32cubeide/plugins/com.st.stm32cube.ide.mcu.externaltools.gnu-tools-for-stm32.7-2018-q2-update.win32_1.4.0.202007081208/tools/bin/../lib/gcc/arm-none-eabi/7.3.1/thumb/v7e-m/fpv4-sp/hard\libgcc.a(_aeabi_uldivmod.o)
 .debug_frame   0x0000000000003b68       0x34 c:/st/stm32cubeide_1.4.0/stm32cubeide/plugins/com.st.stm32cube.ide.mcu.externaltools.gnu-tools-for-stm32.7-2018-q2-update.win32_1.4.0.202007081208/tools/bin/../lib/gcc/arm-none-eabi/7.3.1/thumb/v7e-m/fpv4-sp/hard\libgcc.a(_udivmoddi4.o)
