main.cpp:86:6:void IcHandlerTim3(TIM_HandleTypeDef*)	16	static
main.cpp:104:5:int main()	160	static
main.cpp:252:6:void SystemClock_Config()	88	static
main.cpp:296:13:void MX_TIM3_Init()	80	static
main.cpp:376:13:void MX_USART1_UART_Init()	8	static
main.cpp:409:13:void MX_GPIO_Init()	24	static
main.cpp:427:6:void Error_Handler()	4	static,ignoring_inline_asm
main.cpp:436:1:void __static_initialization_and_destruction_0(int, int)	32	static
main.cpp:436:1:cpp)	8	static
main.cpp:436:1:cpp)	8	static
