main.cpp:98:6:void IcHandlerTim3(TIM_HandleTypeDef*)	16	static
main.cpp:123:5:int main()	136	static
main.cpp:176:6:void SystemClock_Config()	88	static
main.cpp:220:13:void MX_TIM3_Init()	48	static
main.cpp:290:13:void MX_USART1_UART_Init()	8	static
main.cpp:323:13:void MX_GPIO_Init()	24	static
main.cpp:341:6:void Error_Handler()	4	static,ignoring_inline_asm
main.cpp:350:1:void __static_initialization_and_destruction_0(int, int)	32	static
main.cpp:350:1:cpp)	8	static
main.cpp:350:1:cpp)	8	static
